4. [GET] https://glossa-mt.com/api/health => [200] 
5. [GET] https://glossa-mt.com/api/grounding-config => [200] 
6. [GET] https://glossa-mt.com/api/translator-config => [200] 
7. [GET] https://glossa-mt.com/api/refiner-config => [200] 
8. [GET] https://glossa-mt.com/api/documents => [200] 
9. [GET] https://glossa-mt.com/api/criteria => [200] 
10. [GET] https://glossa-mt.com/api/models => [200] 
11. [GET] https://glossa-mt.com/api/documents/10 => [200] 
12. [POST] https://glossa-mt.com/api/paragraphs/58/refine => [200] 
13. [POST] https://glossa-mt.com/api/paragraphs/58/evaluate => [200] 
14. [GET] https://glossa-mt.com/api/paragraphs/58/revisions => [200] 
15. [POST] https://glossa-mt.com/api/documents => [201] 
16. [GET] https://glossa-mt.com/api/documents => [200] 
17. [GET] https://glossa-mt.com/api/documents/18 => [200] 
18. [GET] https://glossa-mt.com/api/paragraphs/116/revisions => [200] 
19. [GET] https://glossa-mt.com/api/documents/18 => [200] 
20. [GET] https://glossa-mt.com/api/documents/18 => [200] 
21. [GET] https://glossa-mt.com/api/documents/18 => [200] 
22. [GET] https://glossa-mt.com/api/documents/18 => [200] 
23. [GET] https://glossa-mt.com/api/documents/18 => [200] 
24. [GET] https://glossa-mt.com/api/documents/18 => [200] 
25. [GET] https://glossa-mt.com/api/documents/18 => [200] 
26. [GET] https://glossa-mt.com/api/documents/18 => [200] 
27. [GET] https://glossa-mt.com/api/documents/18 => [200] 
28. [GET] https://glossa-mt.com/api/documents/18 => [200] 
29. [GET] https://glossa-mt.com/api/documents/18 => [200] 
30. [GET] https://glossa-mt.com/api/documents/18 => [200] 
31. [GET] https://glossa-mt.com/api/documents/18 => [200] 
32. [GET] https://glossa-mt.com/api/documents/18 => [200] 
33. [GET] https://glossa-mt.com/api/documents/18 => [200] 
34. [GET] https://glossa-mt.com/api/documents/18 => [200] 
35. [GET] https://glossa-mt.com/api/documents/18 => [200] 
36. [GET] https://glossa-mt.com/api/documents/18 => [200] 
37. [GET] https://glossa-mt.com/api/documents/18 => [200] 
38. [GET] https://glossa-mt.com/api/documents/18 => [200] 
39. [GET] https://glossa-mt.com/api/documents/18 => [200] 
40. [DELETE] https://glossa-mt.com/api/documents/18 => [204] 
41. [GET] https://glossa-mt.com/api/documents => [200] 
42. [DELETE] https://glossa-mt.com/api/documents/18 => [204] 
43. [GET] https://glossa-mt.com/api/documents/10 => [200] 
44. [GET] https://glossa-mt.com/api/paragraphs/58/revisions => [200] 
45. [POST] https://glossa-mt.com/api/paragraphs/58/evaluate => [200] 
49. [GET] https://glossa-mt.com/api/health => [200] 
50. [GET] https://glossa-mt.com/api/grounding-config => [200] 
51. [GET] https://glossa-mt.com/api/translator-config => [200] 
52. [GET] https://glossa-mt.com/api/refiner-config => [200] 
53. [GET] https://glossa-mt.com/api/documents => [200] 
54. [GET] https://glossa-mt.com/api/criteria => [200] 
55. [GET] https://glossa-mt.com/api/models => [200] 
56. [GET] https://glossa-mt.com/api/documents/10 => [200] 
57. [PATCH] https://glossa-mt.com/api/issues/133 => [200] 
61. [GET] https://glossa-mt.com/api/health => [200] 
62. [GET] https://glossa-mt.com/api/grounding-config => [200] 
63. [GET] https://glossa-mt.com/api/translator-config => [200] 
64. [GET] https://glossa-mt.com/api/refiner-config => [200] 
65. [GET] https://glossa-mt.com/api/documents => [200] 
66. [GET] https://glossa-mt.com/api/criteria => [200] 
67. [GET] https://glossa-mt.com/api/models => [200] 
68. [GET] https://glossa-mt.com/api/documents/10 => [200] 
69. [PUT] https://glossa-mt.com/api/translator-config => [200] 
70. [PUT] https://glossa-mt.com/api/refiner-config => [200] 
74. [GET] https://glossa-mt.com/api/health => [200] 
75. [GET] https://glossa-mt.com/api/grounding-config => [200] 
76. [GET] https://glossa-mt.com/api/translator-config => [200] 
77. [GET] https://glossa-mt.com/api/refiner-config => [200] 
78. [GET] https://glossa-mt.com/api/documents => [200] 
79. [GET] https://glossa-mt.com/api/criteria => [200] 
80. [GET] https://glossa-mt.com/api/models => [200] 
81. [GET] https://glossa-mt.com/api/documents/10 => [200] 
82. [PUT] https://glossa-mt.com/api/translator-config => [200] 
83. [PUT] https://glossa-mt.com/api/refiner-config => [200] 

Note: 12 static requests not shown, run with --static option to see them.
